// Jest Snapshot v1, https://goo.gl/fbAQLP

exports[`Layout should render correctly 1`] = `
<div
  className="root-container"
>
  <header>
    <nav
      className="navbar navbar-expand-lg navbar-dark bg-dark"
    >
      <a
        className="nav-link"
        href="/"
        onClick={[Function]}
        onKeyDown={[Function]}
      >
        <span
          className="navbar-brand"
        >
          <img
            className="img-fluid"
            src="/logoCompleto.png"
            width="120px"
          />
        </span>
      </a>
      <button
        aria-controls="responsive-navbar-nav"
        aria-label="Toggle navigation"
        className="navbar-toggler collapsed"
        onClick={[Function]}
        type="button"
      >
        <span
          className="navbar-toggler-icon"
        />
      </button>
      <div
        aria-expanded={null}
        className="navbar-collapse collapse"
        id="responsive-navbar-nav"
      >
        <div
          className="mr-auto navbar-nav"
          onKeyDown={[Function]}
        >
          <a
            className="nav-link"
            data-rb-event-key="/discord"
            href="/discord"
            onClick={[Function]}
            onKeyDown={[Function]}
          >
            Discord
          </a>
          <a
            className="nav-link"
            data-rb-event-key="/exactasJuega"
            href="/exactasJuega"
            onClick={[Function]}
            onKeyDown={[Function]}
          >
            Exactas juega
          </a>
          <a
            className="nav-link"
            data-rb-event-key="/nocheDeJuegos"
            href="/nocheDeJuegos"
            onClick={[Function]}
            onKeyDown={[Function]}
          >
            Noche de juegos
          </a>
          <a
            className="nav-link"
            data-rb-event-key="/pabellonF"
            href="/pabellonF"
            onClick={[Function]}
            onKeyDown={[Function]}
          >
            Podcasts
          </a>
          <a
            className="nav-link"
            data-rb-event-key="/tournament"
            href="/tournament"
            onClick={[Function]}
            onKeyDown={[Function]}
          >
            Torneos
          </a>
          <a
            className="nav-link"
            data-rb-event-key="/xplora"
            href="/xplora"
            onClick={[Function]}
            onKeyDown={[Function]}
          >
            Divulgación
          </a>
        </div>
        <div
          className="navbar-nav"
          onKeyDown={[Function]}
        >
          <a
            className="nav-link"
            data-rb-event-key="/about"
            href="/about"
            onClick={[Function]}
            onKeyDown={[Function]}
          >
            About
          </a>
        </div>
      </div>
    </nav>
  </header>
  <div
    className="body-pages"
  />
  <footer
    className="footer mt-auto py-3 bg-dark text-white align-bottom"
  >
    <div
      className="footer footer-content mt-auto py-2 bg-dark text-white container"
    >
      <div
        className="footer-copyright text-center"
      >
        <div
          className="justify-content-md-center row row-cols-lg-3 row-cols-md-3 row-cols-sm-3 row-cols-3"
        >
          <div
            className="col"
            style={
              Object {
                "textAlign": "left",
              }
            }
          >
            © 2020 Copyright: CECEN
          </div>
          <div
            className="col"
            style={
              Object {
                "textAlign": "right",
              }
            }
          >
            Redes:
            <a
              className="btn btn-dark btn-sm"
              href="https://www.instagram.com/cecen.exactas/"
              onBlur={[Function]}
              onClick={[Function]}
              onFocus={[Function]}
              onKeyDown={[Function]}
              onMouseOut={[Function]}
              onMouseOver={[Function]}
              target="_blank"
            >
              <svg
                aria-hidden="true"
                className="svg-inline--fa fa-instagram fa-w-14 fa-2x "
                data-icon="instagram"
                data-prefix="fab"
                focusable="false"
                role="img"
                style={Object {}}
                viewBox="0 0 448 512"
                xmlns="http://www.w3.org/2000/svg"
              >
                <path
                  d="M224.1 141c-63.6 0-114.9 51.3-114.9 114.9s51.3 114.9 114.9 114.9S339 319.5 339 255.9 287.7 141 224.1 141zm0 189.6c-41.1 0-74.7-33.5-74.7-74.7s33.5-74.7 74.7-74.7 74.7 33.5 74.7 74.7-33.6 74.7-74.7 74.7zm146.4-194.3c0 14.9-12 26.8-26.8 26.8-14.9 0-26.8-12-26.8-26.8s12-26.8 26.8-26.8 26.8 12 26.8 26.8zm76.1 27.2c-1.7-35.9-9.9-67.7-36.2-93.9-26.2-26.2-58-34.4-93.9-36.2-37-2.1-147.9-2.1-184.9 0-35.8 1.7-67.6 9.9-93.9 36.1s-34.4 58-36.2 93.9c-2.1 37-2.1 147.9 0 184.9 1.7 35.9 9.9 67.7 36.2 93.9s58 34.4 93.9 36.2c37 2.1 147.9 2.1 184.9 0 35.9-1.7 67.7-9.9 93.9-36.2 26.2-26.2 34.4-58 36.2-93.9 2.1-37 2.1-147.8 0-184.8zM398.8 388c-7.8 19.6-22.9 34.7-42.6 42.6-29.5 11.7-99.5 9-132.1 9s-102.7 2.6-132.1-9c-19.6-7.8-34.7-22.9-42.6-42.6-11.7-29.5-9-99.5-9-132.1s-2.6-102.7 9-132.1c7.8-19.6 22.9-34.7 42.6-42.6 29.5-11.7 99.5-9 132.1-9s102.7-2.6 132.1 9c19.6 7.8 34.7 22.9 42.6 42.6 11.7 29.5 9 99.5 9 132.1s2.7 102.7-9 132.1z"
                  fill="currentColor"
                  style={Object {}}
                />
              </svg>
            </a>
            <a
              className="btn btn-dark btn-sm"
              href="https://www.facebook.com/CECEN.UBA"
              onBlur={[Function]}
              onClick={[Function]}
              onFocus={[Function]}
              onKeyDown={[Function]}
              onMouseOut={[Function]}
              onMouseOver={[Function]}
              target="_blank"
            >
              <svg
                aria-hidden="true"
                className="svg-inline--fa fa-facebook fa-w-16 fa-2x "
                data-icon="facebook"
                data-prefix="fab"
                focusable="false"
                role="img"
                style={Object {}}
                viewBox="0 0 512 512"
                xmlns="http://www.w3.org/2000/svg"
              >
                <path
                  d="M504 256C504 119 393 8 256 8S8 119 8 256c0 123.78 90.69 226.38 209.25 245V327.69h-63V256h63v-54.64c0-62.15 37-96.48 93.67-96.48 27.14 0 55.52 4.84 55.52 4.84v61h-31.28c-30.8 0-40.41 19.12-40.41 38.73V256h68.78l-11 71.69h-57.78V501C413.31 482.38 504 379.78 504 256z"
                  fill="currentColor"
                  style={Object {}}
                />
              </svg>
            </a>
          </div>
        </div>
      </div>
    </div>
  </footer>
</div>
`;
